Answer: الساعة الآن في القاهرة هي 1:32 مساءً 
